13:28:56 === Lauf 2, Kernel 7.1.6-gentoo-dist-bin, 19 Patches ===
13:28:56 VORHER
           labwc=63303, Xwayland=63924,
           D-State=0 fence_wait=0
           GPU core=2d0b001b base1=0c05001b healthy
13:28:58 Kanalliste:
           [Do,  6. Aug 2026, 13:21:15] nouveau 0000:02:00.0: fifo: inject:   ch   5 [fbo-stress[61942]] errored 0
           [Do,  6. Aug 2026, 13:28:56] nouveau 0000:02:00.0: fifo: inject:   ch   1 [(udev-worker)[338]] errored 0
           [Do,  6. Aug 2026, 13:28:56] nouveau 0000:02:00.0: fifo: inject:   ch   2 [labwc[63303]] errored 0
           [Do,  6. Aug 2026, 13:28:56] nouveau 0000:02:00.0: fifo: inject:   ch   3 [labwc[63303]] errored 0
           [Do,  6. Aug 2026, 13:28:56] nouveau 0000:02:00.0: fifo: inject:   ch   4 [Xwayland[63924]] errored 0
           [Do,  6. Aug 2026, 13:28:56] nouveau 0000:02:00.0: fifo: inject:   ch   5 [fbo-stress[69347]] errored 0
13:28:58 Opferkanal = 5
13:28:58 Injektion 3x binnen 3 s auf ch 5
13:29:04 dmesg-Auszug:
           [Do,  6. Aug 2026, 13:22:43] fbo-stress[61942]: segfault at 55e000000000 ip 00007f4510acf3a6 sp 00007ffdb6922380 error 4 in libgallium-26.0.8.so[8cf3a6,7f451020f000+a89000] likely on CPU 0 (core 0, socket 0)
           [Do,  6. Aug 2026, 13:28:58] nouveau 0000:02:00.0: fifo: ch 5 fault 1/3 in 10000ms window, skipping method and resuming (Tier-0)
           [Do,  6. Aug 2026, 13:28:59] nouveau 0000:02:00.0: fifo: ch 5 fault 2/3 in 10000ms window, skipping method and resuming (Tier-0)
           [Do,  6. Aug 2026, 13:29:00] nouveau 0000:02:00.0: fifo:000000:0005:0005:[fbo-stress[69347]] errored - disabling channel
           [Do,  6. Aug 2026, 13:29:00] nouveau 0000:02:00.0: Xwayland[63924]: channel 5 killed!
           [Do,  6. Aug 2026, 13:29:00] fbo-stress[69347]: segfault at 55d800000000 ip 00007f4eeaccf3a6 sp 00007fffb5b8bda0 error 4 in libgallium-26.0.8.so[8cf3a6,7f4eea40f000+a89000] likely on CPU 1 (core 1, socket 0)
13:29:04 DIREKT DANACH
           labwc= Xwayland=
           D-State=0 fence_wait=0
           GPU core=2d0b001b base1=0c05001b healthy
13:29:19 NACH 15 s
           labwc=69694, Xwayland=
           D-State=0 fence_wait=0
           GPU core=2d0b001b base1=0c05001b healthy
13:29:49 NACH 45 s
           labwc=69694, Xwayland=
           D-State=0 fence_wait=0
           GPU core=2d0b001b base1=0c05001b healthy
13:29:50 === FERTIG ===
